Microchip MPLAB XC8 Compiler V3.00

Linker command line:

-W-3 --edf=/opt/microchip/xc8/v3.00/pic/dat/20241204225717_en.msgs -cn \
  -h+dist/default/production/RTOS_V25.X.production.sym \
  --cmf=dist/default/production/RTOS_V25.X.production.cmf -z -Q18F4550 \
  -o/tmp/xcXAaeLMm/driver_tmp_3.o --defsym=__MPLAB_BUILD=1 \
  --fixupoverflow=error -Mdist/default/production/RTOS_V25.X.production.map \
  --md=/tmp/xcXAaeLMm/driver_tmp_0.dat -E1 -ver=XC8 Compiler \
  -ASTACK=0388h-07FFh -pstack=STACK -ACODE=00h-07FFFh -ACONST=00h-07FFFh \
  -ASMALLCONST=0800h-08FFhx120 -AMEDIUMCONST=0800h-07FFFh -ACOMRAM=01h-05Fh \
  -AABS1=00h-07FFh -ABIGRAM=01h-07FFh -ARAM=060h-0FFh,0100h-01FFhx7 \
  -ABANK0=060h-0FFh -ABANK1=0100h-01FFh -ABANK2=0200h-02FFh \
  -ABANK3=0300h-03FFh -ABANK4=0400h-04FFh -ABANK5=0500h-05FFh \
  -ABANK6=0600h-06FFh -ABANK7=0700h-07FFh -ASFR=0F60h-0FFFh \
  -ABIGSFR=0F60h-0FFFh -ACONFIG=0300000h-030000Dh -AIDLOC=0200000h-0200007h \
  -AEEDATA=0F00000h-0F000FFh -peeprom_data=EEDATA \
  -preset_vec=00h,intcode=8h,intcodelo=18h,sivt_lo,sivt_hi=CODE \
  -ppowerup=CODE,init -pramtop=0800h -psmallconst=SMALLCONST \
  -pmediumconst=MEDIUMCONST -pconst=CONST -AFARRAM=00h-00h \
  -prdata=COMRAM,nvrram=COMRAM,nvbit=COMRAM,rbss=COMRAM,rbit=COMRAM \
  -pfarbss=FARRAM,fardata=FARRAM,nvFARRAM=FARRAM \
  -pintsave_regs=BIGRAM,bigbss=BIGRAM,bigdata=BIGRAM -pbss=RAM \
  -pidata=CODE,irdata=CODE,ibigdata=CODE,ifardata=CODE -prparam=COMRAM \
  /tmp/xcXAaeLMm/driver_tmp_9.o \
  dist/default/production/RTOS_V25.X.production.o 

Object code version is 3.11

Machine type is 18F4550



                Name                               Link     Load   Length Selector   Space Scale
/tmp/xcXAaeLMm/driver_tmp_9.o
                stack                               388      388      478      388       2
                init                                  C        C        8        4       0
                reset_vec                             0        0        4        0       0
dist/default/production/RTOS_V25.X.production.o
                intcode                               8        8        4        4       0
                temp                                  1        1       20        1       1
                smallconst                          800      800        2      400       0
                text39                             1ABA     1ABA       8E      401       0
                text38                             21E2     21E2        6      401       0
                text37                             20DC     20DC       2E      401       0
                intcode_body                        802      802      310      401       0
                text35                             207E     207E       30      401       0
                text34                             1382     1382      288      401       0
                text33                             204E     204E       30      401       0
                text32                             1A14     1A14       A6      401       0
                text31                             1D46     1D46       6C      401       0
                text30                             160A     160A      108      401       0
                text29                             1FA2     1FA2       40      401       0
                text28                              B12      B12      2E8      401       0
                text27                             1B48     1B48       8A      401       0
                text26                             1C58     1C58       7A      401       0
                text25                             1EB6     1EB6       54      401       0
                text24                             2018     2018       36      401       0
                text23                             18A6     18A6       BE      401       0
                text22                             21DC     21DC        6      401       0
                text21                             10E0     10E0      2A2      401       0
                text20                             1964     1964       B0      401       0
                text19                             1BD2     1BD2       86      401       0
                text18                              DFA      DFA      2E6      401       0
                text17                             1CD2     1CD2       74      401       0
                text16                             1F5A     1F5A       48      401       0
                text15                             1E60     1E60       56      401       0
                text14                             217E     217E       1C      401       0
                text13                             1E0A     1E0A       56      401       0
                text12                             2132     2132       28      401       0
                text11                             21E8     21E8        4      401       0
                text10                             21D0     21D0        C      401       0
                text9                              17E8     17E8       BE      401       0
                text8                              1712     1712       D6      401       0
                text7                              210A     210A       28      401       0
                text6                              1F0A     1F0A       50      401       0
                text5                              21B0     21B0       14      401       0
                text4                              215A     215A       24      401       0
                text3                              219A     219A       16      401       0
                text2                              20AE     20AE       2E      401       0
                text1                              21C4     21C4        C      401       0
                text0                              1DB2     1DB2       58      401       0
                cstackCOMRAM                         37       37       16        1       1
                cstackBANK0                          B8       B8       2B       60       1
                cstackBANK1                         100      100       6D      100       1
                bssBIGRAM                           16D      16D      21B      16D       1
                bssBANK0                             60       60       58       60       1
                bssCOMRAM                            21       21       16        1       1
                cinit                              1FE2     1FE2       36      401       0

TOTAL           Name                               Link     Load   Length     Space
        CLASS   STACK          
                stack                               388      388      478         2

        CLASS   CODE           
                intcode                               8        8        4         0
                init                                  C        C        8         0
                reset_vec                             0        0        4         0
                text39                             1ABA     1ABA       8E         0
                text38                             21E2     21E2        6         0
                text37                             20DC     20DC       2E         0
                intcode_body                        802      802      310         0
                text35                             207E     207E       30         0
                text34                             1382     1382      288         0
                text33                             204E     204E       30         0
                text32                             1A14     1A14       A6         0
                text31                             1D46     1D46       6C         0
                text30                             160A     160A      108         0
                text29                             1FA2     1FA2       40         0
                text28                              B12      B12      2E8         0
                text27                             1B48     1B48       8A         0
                text26                             1C58     1C58       7A         0
                text25                             1EB6     1EB6       54         0
                text24                             2018     2018       36         0
                text23                             18A6     18A6       BE         0
                text22                             21DC     21DC        6         0
                text21                             10E0     10E0      2A2         0
                text20                             1964     1964       B0         0
                text19                             1BD2     1BD2       86         0
                text18                              DFA      DFA      2E6         0
                text17                             1CD2     1CD2       74         0
                text16                             1F5A     1F5A       48         0
                text15                             1E60     1E60       56         0
                text14                             217E     217E       1C         0
                text13                             1E0A     1E0A       56         0
                text12                             2132     2132       28         0
                text11                             21E8     21E8        4         0
                text10                             21D0     21D0        C         0
                text9                              17E8     17E8       BE         0
                text8                              1712     1712       D6         0
                text7                              210A     210A       28         0
                text6                              1F0A     1F0A       50         0
                text5                              21B0     21B0       14         0
                text4                              215A     215A       24         0
                text3                              219A     219A       16         0
                text2                              20AE     20AE       2E         0
                text1                              21C4     21C4        C         0
                text0                              1DB2     1DB2       58         0
                cinit                              1FE2     1FE2       36         0

        CLASS   CONST          

        CLASS   SMALLCONST     
                smallconst                          800      800        2         0

        CLASS   MEDIUMCONST    

        CLASS   COMRAM         
                temp                                  1        1       20         1
                cstackCOMRAM                         37       37       16         1
                bssCOMRAM                            21       21       16         1

        CLASS   ABS1           

        CLASS   BIGRAM         
                bssBIGRAM                           16D      16D      21B         1

        CLASS   RAM            

        CLASS   BANK0          
                cstackBANK0                          B8       B8       2B         1
                bssBANK0                             60       60       58         1

        CLASS   BANK1          
                cstackBANK1                         100      100       6D         1

        CLASS   BANK2          

        CLASS   BANK3          

        CLASS   BANK4          

        CLASS   BANK5          

        CLASS   BANK6          

        CLASS   BANK7          

        CLASS   SFR            

        CLASS   BIGSFR         

        CLASS   CONFIG         

        CLASS   IDLOC          

        CLASS   EEDATA         

        CLASS   FARRAM         

        CLASS   HEAP           



SEGMENTS        Name                           Load    Length   Top    Selector   Space  Class

                temp                           000001  00004C  00004D         1       1  COMRAM  
                reset_vec                      000000  000004  000004         0       0  CODE    
                intcode_body                   000802  0019EA  0021EC       401       0  CODE    
                bssBIGRAM                      00016D  00021B  000388       16D       1  BIGRAM  
                bssBANK0                       000060  000083  0000E3        60       1  BANK0   
                cstackBANK1                    000100  00006D  00016D       100       1  BANK1   
                stack                          000388  000478  000800       388       2  STACK   
                intcode                        000008  00000C  000014         4       0  CODE    
                smallconst                     000800  000002  000802       400       0  SMALLCON


UNUSED ADDRESS RANGES

        Name                Unused          Largest block    Delta
        BANK0            00E3-00FF             1D
        BANK3            0388-03FF             78
        BANK4            0400-04FF            100
        BANK5            0500-05FF            100
        BANK6            0600-06FF            100
        BANK7            0700-07FF            100
        BIGRAM           004D-005F             13
                         00E3-00FF             1D
                         0388-07FF            478
        BIGSFR           0F60-0FFF             A0
        CODE             0004-0007              4
                         0014-07FF            7EC
                         21EC-7FFF           5E14
        COMRAM           004D-005F             13
        CONFIG           300000-30000D              E
        CONST            0004-0007              4
                         0014-07FF            7EC
                         21EC-7FFF           5E14
        EEDATA           F00000-F000FF            100
        IDLOC            200000-200007              8
        MEDIUMCONST      21EC-7FFF           5E14
        RAM              00E3-00FF             1D
                         0388-07FF            100
        SFR              0F60-0FFF             A0
        SMALLCONST       21EC-7FFF            100

                                  Symbol Table

?___awmod                          cstackBANK0  00C8
?___lldiv                          cstackBANK1  0112
?___lmul                           cstackBANK0  00D5
?_adc_read                         cstackBANK0  00B8
SRAMInitHeap@count                 cstackCOMRAM 0038
SRAMInitHeap@pHeap                 cstackCOMRAM 0037
SRAMalloc@nBytes                   cstackCOMRAM 0043
SRAMalloc@pHeap                    cstackCOMRAM 0044
SRAMalloc@segHeader                cstackCOMRAM 0042
SRAMalloc@segLen                   cstackCOMRAM 0041
SRAMalloc@temp                     cstackCOMRAM 0040
_ADCON0                            (abs)        0FC2
_ADCON0bits                        (abs)        0FC2
_ADCON1                            (abs)        0FC1
_ADCON2                            (abs)        0FC0
_ADRESH                            (abs)        0FC4
_ADRESL                            (abs)        0FC3
_BSR                               (abs)        0FE0
_CCP1CON                           (abs)        0FBD
_CCP1CONbits                       (abs)        0FBD
_CCP2CON                           (abs)        0FBA
_CCP2CONbits                       (abs)        0FBA
_CCPR1L                            (abs)        0FBE
_CCPR2L                            (abs)        0FBB
_INTCON2bits                       (abs)        0FF1
_INTCONbits                        (abs)        0FF2
_ISR                               intcode      0008
_LATDbits                          (abs)        0F8C
_PORTDbits                         (abs)        0F83
_PR2                               (abs)        0FCB
_SRAMInitHeap                      text15       1E60
_SRAMalloc                         text8        1712
_STATUS                            (abs)        0FD8
_STKPTR                            (abs)        0FFC
_T0CONbits                         (abs)        0FD5
_T2CON                             (abs)        0FCA
_TMR0                              (abs)        0FD6
_TOS                               (abs)        0FFD
_TRISBbits                         (abs)        0F93
_TRISCbits                         (abs)        0F94
_TRISDbits                         (abs)        0F95
_WREG                              (abs)        0FE8
__HRAM                             (abs)        0000
__H__absolute__                    __absolute__ 0000
__Habs1                            abs1         0000
__Hbank0                           bank0        0000
__Hbank1                           bank1        0000
__Hbank2                           bank2        0000
__Hbank3                           bank3        0000
__Hbank4                           bank4        0000
__Hbank5                           bank5        0000
__Hbank6                           bank6        0000
__Hbank7                           bank7        0000
__Hbigbss                          bigbss       0000
__Hbigdata                         bigdata      0000
__Hbigram                          bigram       0000
__Hbigsfr                          bigsfr       0000
__Hbss                             bss          0000
__HbssBANK0                        bssBANK0     0000
__HbssBIGRAM                       bssBIGRAM    0000
__HbssCOMRAM                       bssCOMRAM    0000
__Hcinit                           cinit        0000
__Hclrtext                         clrtext      0000
__Hcomram                          comram       0000
__Hconfig                          config       0000
__Hconst                           const        0000
__HcstackBANK0                     cstackBANK0  0000
__HcstackBANK1                     cstackBANK1  0000
__HcstackCOMRAM                    cstackCOMRAM 0000
__Hdata                            data         0000
__Heeprom_data                     eeprom_data  0000
__Hfarbss                          farbss       0000
__Hfardata                         fardata      0000
__Hheap                            heap         0000
__Hibigdata                        ibigdata     0000
__Hidata                           idata        0000
__Hidloc                           idloc        0000
__Hifardata                        ifardata     0000
__Hinit                            init         0014
__Hintcode                         intcode      000C
__Hintcode_body                    intcode_body 0000
__Hintcodelo                       intcodelo    0018
__Hintentry                        intentry     0000
__Hintret                          intret       0000
__Hintsave_regs                    intsave_regs 0000
__Hirdata                          irdata       0000
__Hmediumconst                     mediumconst  0000
__HnvFARRAM                        nvFARRAM     0000
__Hnvbit                           nvbit        0000
__Hnvrram                          nvrram       0000
__Hparam                           rparam       0000
__Hpowerup                         powerup      0000
__Hram                             ram          0000
__Hramtop                          ramtop       0800
__Hrbit                            rbit         0000
__Hrbss                            rbss         0000
__Hrdata                           rdata        0000
__Hreset_vec                       reset_vec    0004
__Hrparam                          rparam       0000
__Hsfr                             sfr          0000
__Hsivt_hi                         sivt_hi      0000
__Hsivt_lo                         sivt_lo      0018
__Hsmallconst                      smallconst   0802
__Hspace_0                         (abs)        21EC
__Hspace_1                         (abs)        0388
__Hspace_2                         (abs)        0800
__Hspace_4                         (abs)        0000
__Hstack                           stack        0800
__Hstruct                          struct       0000
__Htemp                            temp         0021
__Htext                            text         0000
__Htext0                           text0        0000
__Htext1                           text1        0000
__Htext10                          text10       0000
__Htext11                          text11       0000
__Htext12                          text12       0000
__Htext13                          text13       0000
__Htext14                          text14       0000
__Htext15                          text15       0000
__Htext16                          text16       0000
__Htext17                          text17       0000
__Htext18                          text18       0000
__Htext19                          text19       0000
__Htext2                           text2        0000
__Htext20                          text20       0000
__Htext21                          text21       0000
__Htext22                          text22       0000
__Htext23                          text23       0000
__Htext24                          text24       0000
__Htext25                          text25       0000
__Htext26                          text26       0000
__Htext27                          text27       0000
__Htext28                          text28       0000
__Htext29                          text29       0000
__Htext3                           text3        0000
__Htext30                          text30       0000
__Htext31                          text31       0000
__Htext32                          text32       0000
__Htext33                          text33       0000
__Htext34                          text34       0000
__Htext35                          text35       0000
__Htext37                          text37       0000
__Htext38                          text38       0000
__Htext39                          text39       0000
__Htext4                           text4        0000
__Htext5                           text5        0000
__Htext6                           text6        0000
__Htext7                           text7        0000
__Htext8                           text8        0000
__Htext9                           text9        0000
__LRAM                             (abs)        0001
__L__absolute__                    __absolute__ 0000
__Labs1                            abs1         0000
__Lbank0                           bank0        0000
__Lbank1                           bank1        0000
__Lbank2                           bank2        0000
__Lbank3                           bank3        0000
__Lbank4                           bank4        0000
__Lbank5                           bank5        0000
__Lbank6                           bank6        0000
__Lbank7                           bank7        0000
__Lbigbss                          bigbss       0000
__Lbigdata                         bigdata      0000
__Lbigram                          bigram       0000
__Lbigsfr                          bigsfr       0000
__Lbss                             bss          0000
__LbssBANK0                        bssBANK0     0000
__LbssBIGRAM                       bssBIGRAM    0000
__LbssCOMRAM                       bssCOMRAM    0000
__Lcinit                           cinit        0000
__Lclrtext                         clrtext      0000
__Lcomram                          comram       0000
__Lconfig                          config       0000
__Lconst                           const        0000
__LcstackBANK0                     cstackBANK0  0000
__LcstackBANK1                     cstackBANK1  0000
__LcstackCOMRAM                    cstackCOMRAM 0000
__Ldata                            data         0000
__Leeprom_data                     eeprom_data  0000
__Lfarbss                          farbss       0000
__Lfardata                         fardata      0000
__Lheap                            heap         0000
__Libigdata                        ibigdata     0000
__Lidata                           idata        0000
__Lidloc                           idloc        0000
__Lifardata                        ifardata     0000
__Linit                            init         000C
__Lintcode                         intcode      0008
__Lintcode_body                    intcode_body 0000
__Lintcodelo                       intcodelo    0018
__Lintentry                        intentry     0000
__Lintret                          intret       0000
__Lintsave_regs                    intsave_regs 0000
__Lirdata                          irdata       0000
__Lmediumconst                     mediumconst  0000
__LnvFARRAM                        nvFARRAM     0000
__Lnvbit                           nvbit        0000
__Lnvrram                          nvrram       0000
__Lparam                           rparam       0000
__Lpowerup                         powerup      0000
__Lram                             ram          0000
__Lramtop                          ramtop       0800
__Lrbit                            rbit         0000
__Lrbss                            rbss         0000
__Lrdata                           rdata        0000
__Lreset_vec                       reset_vec    0000
__Lrparam                          rparam       0000
__Lsfr                             sfr          0000
__Lsivt_hi                         sivt_hi      0000
__Lsivt_lo                         sivt_lo      0018
__Lsmallconst                      smallconst   0800
__Lspace_0                         (abs)        0000
__Lspace_1                         (abs)        0000
__Lspace_2                         (abs)        0000
__Lspace_4                         (abs)        0000
__Lstack                           stack        0388
__Lstruct                          struct       0000
__Ltemp                            temp         0001
__Ltext                            text         0000
__Ltext0                           text0        0000
__Ltext1                           text1        0000
__Ltext10                          text10       0000
__Ltext11                          text11       0000
__Ltext12                          text12       0000
__Ltext13                          text13       0000
__Ltext14                          text14       0000
__Ltext15                          text15       0000
__Ltext16                          text16       0000
__Ltext17                          text17       0000
__Ltext18                          text18       0000
__Ltext19                          text19       0000
__Ltext2                           text2        0000
__Ltext20                          text20       0000
__Ltext21                          text21       0000
__Ltext22                          text22       0000
__Ltext23                          text23       0000
__Ltext24                          text24       0000
__Ltext25                          text25       0000
__Ltext26                          text26       0000
__Ltext27                          text27       0000
__Ltext28                          text28       0000
__Ltext29                          text29       0000
__Ltext3                           text3        0000
__Ltext30                          text30       0000
__Ltext31                          text31       0000
__Ltext32                          text32       0000
__Ltext33                          text33       0000
__Ltext34                          text34       0000
__Ltext35                          text35       0000
__Ltext37                          text37       0000
__Ltext38                          text38       0000
__Ltext39                          text39       0000
__Ltext4                           text4        0000
__Ltext5                           text5        0000
__Ltext6                           text6        0000
__Ltext7                           text7        0000
__Ltext8                           text8        0000
__Ltext9                           text9        0000
__S0                               (abs)        21EC
__S1                               (abs)        0388
__S2                               (abs)        0800
__S4                               (abs)        0000
__S5                               (abs)        0000
__SRAMmerge                        text9        17E8
__SRAMmerge@pSegA                  cstackCOMRAM 0037
__SRAMmerge@pSegB                  cstackCOMRAM 003A
__SRAMmerge@uSegA                  cstackCOMRAM 003B
__SRAMmerge@uSegB                  cstackCOMRAM 003C
__SRAMmerge@uSum                   cstackCOMRAM 0039
___awmod                           text20       1964
___awmod@counter                   cstackBANK0  00CC
___awmod@dividend                  cstackBANK0  00C8
___awmod@divisor                   cstackBANK0  00CA
___awmod@sign                      cstackBANK0  00CD
___heap_hi                         (abs)        0000
___heap_lo                         (abs)        0000
___inthi_sp                        stack        05C4
___inthi_stack_hi                  stack        0800
___inthi_stack_lo                  stack        05C4
___intlo_sp                        stack        0800
___lldiv                           text32       1A14
___lldiv@counter                   cstackBANK1  011E
___lldiv@dividend                  cstackBANK1  0112
___lldiv@divisor                   cstackBANK1  0116
___lldiv@quotient                  cstackBANK1  011A
___lmul                            text31       1D46
___lmul@multiplicand               cstackBANK0  00D9
___lmul@multiplier                 cstackBANK0  00D5
___lmul@product                    cstackBANK0  00DD
___param_bank                      (abs)        0000
___rparam_used                     (abs)        0001
___sp                              stack        0388
___stack_hi                        stack        05C4
___stack_lo                        stack        0388
__accesstop                        (abs)        0060
__activetblptr                     (abs)        0002
__end_of_ISR                       intcode_body 0B12
__end_of_SRAMInitHeap              text15       1EB6
__end_of_SRAMalloc                 text8        17E8
__end_of__SRAMmerge                text9        18A6
__end_of___awmod                   text20       1A14
__end_of___lldiv                   text32       1ABA
__end_of___lmul                    text31       1DB2
__end_of__initialization           cinit        200E
__end_of_adc_init                  text10       21DC
__end_of_adc_read                  text24       204E
__end_of_change_state              text34       160A
__end_of_config_timer0             text14       219A
__end_of_create_pipe               text6        1F5A
__end_of_create_task               text13       1E60
__end_of_decrease_time             text39       1B48
__end_of_delay                     text21       1382
__end_of_ext_int_service           text37       210A
__end_of_idle                      text35       20AE
__end_of_int_ext_init              text5        21C4
__end_of_main                      text0        1E0A
__end_of_mutex_init                text4        217E
__end_of_mutex_lock                text28       0DFA
__end_of_mutex_unlock              text27       1BD2
__end_of_os_init                   text12       215A
__end_of_os_start                  text1        21D0
__end_of_priority_scheduler        text23       1964
__end_of_pwm_init                  text3        21B0
__end_of_pwm_set                   text30       1712
__end_of_read_pipe                 text26       1CD2
__end_of_scheduler                 text22       21E2
__end_of_sem_init                  text7        2132
__end_of_sem_post                  text19       1C58
__end_of_sem_wait                  text18       10E0
__end_of_stability_callback        text38       21E8
__end_of_start_timer0              text11       21EC
__end_of_tarefa_acelerador         text16       1FA2
__end_of_tarefa_controle_central   text25       1F0A
__end_of_tarefa_estabilidade       text33       207E
__end_of_tarefa_injecao_eletronica text29       1FE2
__end_of_user_config               text2        20DC
__end_of_write_pipe                text17       1D46
__initialization                   cinit        1FE2
__mediumconst                      smallconst   0800
__pbssBANK0                        bssBANK0     0060
__pbssBIGRAM                       bssBIGRAM    016D
__pbssCOMRAM                       bssCOMRAM    0021
__pcinit                           cinit        1FE2
__pcstackBANK0                     cstackBANK0  00B8
__pcstackBANK1                     cstackBANK1  0100
__pcstackCOMRAM                    cstackCOMRAM 0037
__pintcode                         intcode      0008
__pintcode_body                    intcode_body 0802
__psmallconst                      smallconst   0800
__ptext0                           text0        1DB2
__ptext1                           text1        21C4
__ptext10                          text10       21D0
__ptext11                          text11       21E8
__ptext12                          text12       2132
__ptext13                          text13       1E0A
__ptext14                          text14       217E
__ptext15                          text15       1E60
__ptext16                          text16       1F5A
__ptext17                          text17       1CD2
__ptext18                          text18       0DFA
__ptext19                          text19       1BD2
__ptext2                           text2        20AE
__ptext20                          text20       1964
__ptext21                          text21       10E0
__ptext22                          text22       21DC
__ptext23                          text23       18A6
__ptext24                          text24       2018
__ptext25                          text25       1EB6
__ptext26                          text26       1C58
__ptext27                          text27       1B48
__ptext28                          text28       0B12
__ptext29                          text29       1FA2
__ptext3                           text3        219A
__ptext30                          text30       160A
__ptext31                          text31       1D46
__ptext32                          text32       1A14
__ptext33                          text33       204E
__ptext34                          text34       1382
__ptext35                          text35       207E
__ptext37                          text37       20DC
__ptext38                          text38       21E2
__ptext39                          text39       1ABA
__ptext4                           text4        215A
__ptext5                           text5        21B0
__ptext6                           text6        1F0A
__ptext7                           text7        210A
__ptext8                           text8        1712
__ptext9                           text9        17E8
__ramtop                           ramtop       0800
__smallconst                       smallconst   0800
__uDynamicHeap                     bssBANK0     0061
_accel_data                        bssBANK0     0060
_accel_pipe                        bssCOMRAM    0024
_adc_init                          text10       21D0
_adc_read                          text24       2018
_buffer_mutex                      bssBANK0     00B1
_change_state                      text34       1382
_config_timer0                     text14       217E
_create_pipe                       text6        1F0A
_create_task                       text13       1E0A
_decrease_time                     text39       1ABA
_delay                             text21       10E0
_est_flag                          bssCOMRAM    0023
_ext_int_callback                  bssCOMRAM    0021
_ext_int_service                   text37       20DC
_idle                              text35       207E
_int_ext_init                      text5        21B0
_main                              text0        1DB2
_mutex_init                        text4        215A
_mutex_lock                        text28       0B12
_mutex_unlock                      text27       1B48
_os_init                           text12       2132
_os_start                          text1        21C4
_priority_scheduler                text23       18A6
_pwm_init                          text3        219A
_pwm_set                           text30       160A
_r_queue                           bssBIGRAM    016D
_read_pipe                         text26       1C58
_scheduler                         text22       21DC
_sem_init                          text7        210A
_sem_post                          text19       1BD2
_sem_wait                          text18       0DFA
_stability_callback                text38       21E2
_start_timer0                      text11       21E8
_tarefa_acelerador                 text16       1F5A
_tarefa_controle_central           text25       1EB6
_tarefa_estabilidade               text33       204E
_tarefa_injecao_eletronica         text29       1FA2
_user_config                       text2        20AE
_write_pipe                        text17       1CD2
adc_read@channel                   cstackBANK0  00BC
btemp                              temp         0001
change_state@new_state             cstackBANK1  012B
create_pipe@p                      cstackCOMRAM 0045
create_task@id                     cstackBANK1  0101
create_task@new_task               cstackBANK1  0102
create_task@priority               cstackCOMRAM 0037
create_task@task                   cstackCOMRAM 0038
decrease_time@i                    cstackCOMRAM 0039
delay@time                         cstackBANK1  0124
end_of_initialization              cinit        200E
int_ext_init@callback              cstackCOMRAM 0037
int_func                           intcode_body 0802
intlevel0                          text         0000
intlevel1                          text         0000
intlevel2                          text         0000
intlevel3                          text         0000
isa$std                            (abs)        0001
isa$xinst                          (abs)        0000
lltemp0                            temp         0001
lltemp1                            temp         0009
lltemp2                            temp         0011
lltemp3                            temp         0019
ltemp0                             temp         0001
ltemp1                             temp         0005
ltemp2                             temp         0009
mutex_init@m                       cstackCOMRAM 0037
mutex_lock@m                       cstackBANK0  00D5
mutex_unlock@m                     cstackBANK0  00D5
mutex_unlock@tid                   cstackBANK0  00D8
pwm_set@channel                    cstackBANK1  0121
pwm_set@duty                       cstackBANK1  0122
pwm_set@duty_cycle                 cstackBANK0  00E1
read_pipe@data                     cstackBANK0  00D1
read_pipe@p                        cstackBANK0  00D0
sem_init@sem                       cstackCOMRAM 0037
sem_init@value                     cstackCOMRAM 0038
sem_post@sem                       cstackBANK0  00C8
sem_wait@sem                       cstackBANK0  00C8
stackhi                            (abs)        07FF
stacklo                            (abs)        0388
start                              init         000C
start_initialization               cinit        1FE2
tarefa_acelerador@data             cstackBANK0  00C7
tarefa_acelerador@raw              cstackBANK0  00C5
tarefa_controle_central@data       cstackBANK0  00D4
tarefa_controle_central@duty       cstackBANK0  00D3
tarefa_injecao_eletronica@duty     cstackBANK0  00E2
ttemp0                             temp         0001
ttemp1                             temp         0004
ttemp2                             temp         0007
ttemp3                             temp         000A
ttemp5                             temp         0002
ttemp6                             temp         0005
ttemp7                             temp         0009
write_pipe@data                    cstackBANK0  00C1
write_pipe@p                       cstackBANK0  00C0
wtemp0                             temp         0001
wtemp1                             temp         0003
wtemp2                             temp         0005
wtemp3                             temp         0007
wtemp4                             temp         0009
wtemp5                             temp         000B
wtemp8                             temp         0002


MODULE INFORMATION

Module		Function		Class		Link	Load	Size
io.c
		_pwm_set       		CODE           	160A	0000	264
		_ext_int_service		CODE           	20DC	0000	46
		_int_ext_init  		CODE           	21B0	0000	20
		_adc_read      		CODE           	2018	0000	54
		_pwm_init      		CODE           	219A	0000	22
		_adc_init      		CODE           	21D0	0000	12

io.c estimated size: 418

timer.c
		_ISR           		CODE           	0008	0000	788
		_start_timer0  		CODE           	21E8	0000	4
		_config_timer0 		CODE           	217E	0000	28

timer.c estimated size: 820

kernel.c
		_delay         		CODE           	10E0	0000	674
		_create_task   		CODE           	1E0A	0000	86
		_decrease_time 		CODE           	1ABA	0000	142
		_os_start      		CODE           	21C4	0000	12
		_idle          		CODE           	207E	0000	48
		_os_init       		CODE           	2132	0000	40
		_change_state  		CODE           	1382	0000	648

kernel.c estimated size: 1650

mem.c
		__SRAMmerge    		CODE           	17E8	0000	190
		_SRAMalloc     		CODE           	1712	0000	214
		_SRAMInitHeap  		CODE           	1E60	0000	86

mem.c estimated size: 490

shared
		__initialization		CODE           	1FE2	0000	44

shared estimated size: 44

/opt/microchip/xc8/v3.00/pic/sources/c99/common/awmod.c
		___awmod       		CODE           	1964	0000	176

/opt/microchip/xc8/v3.00/pic/sources/c99/common/awmod.c estimated size: 176

pipe.c
		_read_pipe     		CODE           	1C58	0000	122
		_create_pipe   		CODE           	1F0A	0000	80
		_write_pipe    		CODE           	1CD2	0000	116

pipe.c estimated size: 318

scheduler.c
		_priority_scheduler		CODE           	18A6	0000	190
		_scheduler     		CODE           	21DC	0000	6

scheduler.c estimated size: 196

/opt/microchip/xc8/v3.00/pic/sources/c99/common/__lldiv.c
		___lldiv       		CODE           	1A14	0000	166

/opt/microchip/xc8/v3.00/pic/sources/c99/common/__lldiv.c estimated size: 166

/opt/microchip/xc8/v3.00/pic/sources/c99/common/Umul32.c
		___lmul        		CODE           	1D46	0000	108

/opt/microchip/xc8/v3.00/pic/sources/c99/common/Umul32.c estimated size: 108

sync.c
		_mutex_lock    		CODE           	0B12	0000	744
		_mutex_unlock  		CODE           	1B48	0000	138
		_sem_wait      		CODE           	0DFA	0000	742
		_sem_init      		CODE           	210A	0000	40
		_sem_post      		CODE           	1BD2	0000	134
		_mutex_init    		CODE           	215A	0000	36

sync.c estimated size: 1834

main.c
		_main          		CODE           	1DB2	0000	88

main.c estimated size: 88

user_app.c
		_stability_callback		CODE           	21E2	0000	6
		_tarefa_controle_central		CODE           	1EB6	0000	84
		_tarefa_acelerador		CODE           	1F5A	0000	72
		_tarefa_injecao_eletronica		CODE           	1FA2	0000	64
		_user_config   		CODE           	20AE	0000	46
		_tarefa_estabilidade		CODE           	204E	0000	48

user_app.c estimated size: 320

